2021-07-06 16:33:19,235:ERROR:Expecting value: line 1 column 1 (char 0), Response from API: <Response [404]>
2021-07-06 16:34:07,627:ERROR:name 'b' is not defined
2021-07-06 16:35:02,894:ERROR:[Errno 2] No such file or directory: '/test.txt'
